// Jest Snapshot v1, https://goo.gl/fbAQLP

exports[`Header should render Header correctly in "debug" mode 1`] = `
<div
  className="header"
>
  header
</div>
`;

exports[`Header should render Header correctly with no props 1`] = `
<div
  className="header"
>
  header
</div>
`;
